[    4462ms] Error: Minified React error #418; visit https://reactjs.org/docs/error-decoder.html?invariant=418 for the full message or use the non-minified dev environment for full errors and additional helpful warnings.
    at sa (https://www.cloudflare.com/framework-957a522640f43541ca6a.js:2:49253)
    at Ei (https://www.cloudflare.com/framework-957a522640f43541ca6a.js:2:122299)
    at ks (https://www.cloudflare.com/framework-957a522640f43541ca6a.js:2:109773)
    at ys (https://www.cloudflare.com/framework-957a522640f43541ca6a.js:2:109701)
    at gs (https://www.cloudflare.com/framework-957a522640f43541ca6a.js:2:109564)
    at as (https://www.cloudflare.com/framework-957a522640f43541ca6a.js:2:104696)
    at S (https://www.cloudflare.com/framework-957a522640f43541ca6a.js:2:138831)
    at MessagePort.T (https://www.cloudflare.com/framework-957a522640f43541ca6a.js:2:139363)
[    4463ms] Error: Minified React error #418; visit https://reactjs.org/docs/error-decoder.html?invariant=418 for the full message or use the non-minified dev environment for full errors and additional helpful warnings.
    at sa (https://www.cloudflare.com/framework-957a522640f43541ca6a.js:2:49253)
    at Ei (https://www.cloudflare.com/framework-957a522640f43541ca6a.js:2:122299)
    at ks (https://www.cloudflare.com/framework-957a522640f43541ca6a.js:2:109773)
    at ys (https://www.cloudflare.com/framework-957a522640f43541ca6a.js:2:109701)
    at gs (https://www.cloudflare.com/framework-957a522640f43541ca6a.js:2:109564)
    at as (https://www.cloudflare.com/framework-957a522640f43541ca6a.js:2:104696)
    at S (https://www.cloudflare.com/framework-957a522640f43541ca6a.js:2:138831)
    at MessagePort.T (https://www.cloudflare.com/framework-957a522640f43541ca6a.js:2:139363)
[    4463ms] Error: Minified React error #418; visit https://reactjs.org/docs/error-decoder.html?invariant=418 for the full message or use the non-minified dev environment for full errors and additional helpful warnings.
    at sa (https://www.cloudflare.com/framework-957a522640f43541ca6a.js:2:49253)
    at Ei (https://www.cloudflare.com/framework-957a522640f43541ca6a.js:2:122299)
    at ks (https://www.cloudflare.com/framework-957a522640f43541ca6a.js:2:109773)
    at ys (https://www.cloudflare.com/framework-957a522640f43541ca6a.js:2:109701)
    at gs (https://www.cloudflare.com/framework-957a522640f43541ca6a.js:2:109564)
    at as (https://www.cloudflare.com/framework-957a522640f43541ca6a.js:2:104696)
    at S (https://www.cloudflare.com/framework-957a522640f43541ca6a.js:2:138831)
    at MessagePort.T (https://www.cloudflare.com/framework-957a522640f43541ca6a.js:2:139363)
[    4463ms] Error: Minified React error #418; visit https://reactjs.org/docs/error-decoder.html?invariant=418 for the full message or use the non-minified dev environment for full errors and additional helpful warnings.
    at sa (https://www.cloudflare.com/framework-957a522640f43541ca6a.js:2:49253)
    at Ei (https://www.cloudflare.com/framework-957a522640f43541ca6a.js:2:122299)
    at ks (https://www.cloudflare.com/framework-957a522640f43541ca6a.js:2:109773)
    at ys (https://www.cloudflare.com/framework-957a522640f43541ca6a.js:2:109701)
    at gs (https://www.cloudflare.com/framework-957a522640f43541ca6a.js:2:109564)
    at as (https://www.cloudflare.com/framework-957a522640f43541ca6a.js:2:104696)
    at S (https://www.cloudflare.com/framework-957a522640f43541ca6a.js:2:138831)
    at MessagePort.T (https://www.cloudflare.com/framework-957a522640f43541ca6a.js:2:139363)
[    4463ms] Error: Minified React error #418; visit https://reactjs.org/docs/error-decoder.html?invariant=418 for the full message or use the non-minified dev environment for full errors and additional helpful warnings.
    at sa (https://www.cloudflare.com/framework-957a522640f43541ca6a.js:2:49253)
    at Ei (https://www.cloudflare.com/framework-957a522640f43541ca6a.js:2:122299)
    at ks (https://www.cloudflare.com/framework-957a522640f43541ca6a.js:2:109773)
    at ys (https://www.cloudflare.com/framework-957a522640f43541ca6a.js:2:109701)
    at gs (https://www.cloudflare.com/framework-957a522640f43541ca6a.js:2:109564)
    at as (https://www.cloudflare.com/framework-957a522640f43541ca6a.js:2:104696)
    at S (https://www.cloudflare.com/framework-957a522640f43541ca6a.js:2:138831)
    at MessagePort.T (https://www.cloudflare.com/framework-957a522640f43541ca6a.js:2:139363)
[    4463ms] Error: Minified React error #418; visit https://reactjs.org/docs/error-decoder.html?invariant=418 for the full message or use the non-minified dev environment for full errors and additional helpful warnings.
    at sa (https://www.cloudflare.com/framework-957a522640f43541ca6a.js:2:49253)
    at Ei (https://www.cloudflare.com/framework-957a522640f43541ca6a.js:2:122299)
    at ks (https://www.cloudflare.com/framework-957a522640f43541ca6a.js:2:109773)
    at ys (https://www.cloudflare.com/framework-957a522640f43541ca6a.js:2:109701)
    at gs (https://www.cloudflare.com/framework-957a522640f43541ca6a.js:2:109564)
    at as (https://www.cloudflare.com/framework-957a522640f43541ca6a.js:2:104696)
    at S (https://www.cloudflare.com/framework-957a522640f43541ca6a.js:2:138831)
    at MessagePort.T (https://www.cloudflare.com/framework-957a522640f43541ca6a.js:2:139363)
[    4463ms] Error: Minified React error #418; visit https://reactjs.org/docs/error-decoder.html?invariant=418 for the full message or use the non-minified dev environment for full errors and additional helpful warnings.
    at sa (https://www.cloudflare.com/framework-957a522640f43541ca6a.js:2:49253)
    at Ei (https://www.cloudflare.com/framework-957a522640f43541ca6a.js:2:122299)
    at ks (https://www.cloudflare.com/framework-957a522640f43541ca6a.js:2:109773)
    at ys (https://www.cloudflare.com/framework-957a522640f43541ca6a.js:2:109701)
    at gs (https://www.cloudflare.com/framework-957a522640f43541ca6a.js:2:109564)
    at as (https://www.cloudflare.com/framework-957a522640f43541ca6a.js:2:104696)
    at S (https://www.cloudflare.com/framework-957a522640f43541ca6a.js:2:138831)
    at MessagePort.T (https://www.cloudflare.com/framework-957a522640f43541ca6a.js:2:139363)
[    4463ms] Error: Minified React error #423; visit https://reactjs.org/docs/error-decoder.html?invariant=423 for the full message or use the non-minified dev environment for full errors and additional helpful warnings.
    at Ei (https://www.cloudflare.com/framework-957a522640f43541ca6a.js:2:121985)
    at ks (https://www.cloudflare.com/framework-957a522640f43541ca6a.js:2:109773)
    at ys (https://www.cloudflare.com/framework-957a522640f43541ca6a.js:2:109701)
    at gs (https://www.cloudflare.com/framework-957a522640f43541ca6a.js:2:109564)
    at os (https://www.cloudflare.com/framework-957a522640f43541ca6a.js:2:106371)
    at as (https://www.cloudflare.com/framework-957a522640f43541ca6a.js:2:104923)
    at S (https://www.cloudflare.com/framework-957a522640f43541ca6a.js:2:138831)
    at MessagePort.T (https://www.cloudflare.com/framework-957a522640f43541ca6a.js:2:139363)
[    6232ms] [LOG] The next request for the Private Access Token challenge may return a 401 and show a warning in console. @ https://challenges.cloudflare.com/cdn-cgi/challenge-platform/h/b/turnstile/f/ov2/av0/rch/yiv77/0x4AAAAAAAaFLwutFA_ZjmEX/light/fbE/new/normal?lang=auto:0
[    6366ms] [ERROR] Failed to load resource: the server responded with a status of 401 () @ https://challenges.cloudflare.com/cdn-cgi/challenge-platform/h/b/pat/a007024cbda80f9a/1779570224587/ad9b54d18078377b517c1c2c05f21c6b025e8e42686c60dc30d6a353a2e37d28/2rvLNEGdWYaLqkW:0
[    6420ms] [ERROR] Failed to load resource: net::ERR_CONNECTION_RESET @ https://bat.bing.com/bat.js:0
[    6501ms] [LOG] /.*.*=.*/ @ https://challenges.cloudflare.com/cdn-cgi/challenge-platform/h/b/turnstile/f/ov2/av0/rch/yiv77/0x4AAAAAAAaFLwutFA_ZjmEX/light/fbE/new/normal?lang=auto:0
[    6501ms] [LOG] /.*.*=.*/ @ https://challenges.cloudflare.com/cdn-cgi/challenge-platform/h/b/turnstile/f/ov2/av0/rch/yiv77/0x4AAAAAAAaFLwutFA_ZjmEX/light/fbE/new/normal?lang=auto:0
[    6501ms] [LOG] function () { [native code] } @ https://challenges.cloudflare.com/cdn-cgi/challenge-platform/h/b/turnstile/f/ov2/av0/rch/yiv77/0x4AAAAAAAaFLwutFA_ZjmEX/light/fbE/new/normal?lang=auto:0
[    6502ms] [LOG] function () { [native code] } @ https://challenges.cloudflare.com/cdn-cgi/challenge-platform/h/b/turnstile/f/ov2/av0/rch/yiv77/0x4AAAAAAAaFLwutFA_ZjmEX/light/fbE/new/normal?lang=auto:0
[    6502ms] [LOG] JSHandle@node @ https://challenges.cloudflare.com/cdn-cgi/challenge-platform/h/b/turnstile/f/ov2/av0/rch/yiv77/0x4AAAAAAAaFLwutFA_ZjmEX/light/fbE/new/normal?lang=auto:0
[    6502ms] [LOG] JSHandle@node @ https://challenges.cloudflare.com/cdn-cgi/challenge-platform/h/b/turnstile/f/ov2/av0/rch/yiv77/0x4AAAAAAAaFLwutFA_ZjmEX/light/fbE/new/normal?lang=auto:0
[    6502ms] [COUNT]  : 1 @ https://challenges.cloudflare.com/cdn-cgi/challenge-platform/h/b/turnstile/f/ov2/av0/rch/yiv77/0x4AAAAAAAaFLwutFA_ZjmEX/light/fbE/new/normal?lang=auto:0
[    6502ms] [COUNT]  : 1 @ https://challenges.cloudflare.com/cdn-cgi/challenge-platform/h/b/turnstile/f/ov2/av0/rch/yiv77/0x4AAAAAAAaFLwutFA_ZjmEX/light/fbE/new/normal?lang=auto:0
[    6503ms] [DIR]  Error @ https://challenges.cloudflare.com/cdn-cgi/challenge-platform/h/b/turnstile/f/ov2/av0/rch/yiv77/0x4AAAAAAAaFLwutFA_ZjmEX/light/fbE/new/normal?lang=auto:0
[    6503ms] [DIR]  Error @ https://challenges.cloudflare.com/cdn-cgi/challenge-platform/h/b/turnstile/f/ov2/av0/rch/yiv77/0x4AAAAAAAaFLwutFA_ZjmEX/light/fbE/new/normal?lang=auto:0
[    6503ms] [DIRXML] %c%d font-size:0;color:transparent Error @ https://challenges.cloudflare.com/cdn-cgi/challenge-platform/h/b/turnstile/f/ov2/av0/rch/yiv77/0x4AAAAAAAaFLwutFA_ZjmEX/light/fbE/new/normal?lang=auto:0
[    6503ms] [DIRXML] %c%d font-size:0;color:transparent Error @ https://challenges.cloudflare.com/cdn-cgi/challenge-platform/h/b/turnstile/f/ov2/av0/rch/yiv77/0x4AAAAAAAaFLwutFA_ZjmEX/light/fbE/new/normal?lang=auto:0
[    6504ms] [ERROR] %c%d font-size:0;color:transparent NaN @ https://challenges.cloudflare.com/cdn-cgi/challenge-platform/h/b/turnstile/f/ov2/av0/rch/yiv77/0x4AAAAAAAaFLwutFA_ZjmEX/light/fbE/new/normal?lang=auto:0
[    6504ms] [ERROR] %c%d font-size:0;color:transparent NaN @ https://challenges.cloudflare.com/cdn-cgi/challenge-platform/h/b/turnstile/f/ov2/av0/rch/yiv77/0x4AAAAAAAaFLwutFA_ZjmEX/light/fbE/new/normal?lang=auto:0
[    6504ms] [INFO] %c%d font-size:0;color:transparent NaN @ https://challenges.cloudflare.com/cdn-cgi/challenge-platform/h/b/turnstile/f/ov2/av0/rch/yiv77/0x4AAAAAAAaFLwutFA_ZjmEX/light/fbE/new/normal?lang=auto:0
[    6504ms] [INFO] %c%d font-size:0;color:transparent NaN @ https://challenges.cloudflare.com/cdn-cgi/challenge-platform/h/b/turnstile/f/ov2/av0/rch/yiv77/0x4AAAAAAAaFLwutFA_ZjmEX/light/fbE/new/normal?lang=auto:0
[    6504ms] [LOG] %c%d font-size:0;color:transparent NaN @ https://challenges.cloudflare.com/cdn-cgi/challenge-platform/h/b/turnstile/f/ov2/av0/rch/yiv77/0x4AAAAAAAaFLwutFA_ZjmEX/light/fbE/new/normal?lang=auto:0
[    6504ms] [LOG] %c%d font-size:0;color:transparent NaN @ https://challenges.cloudflare.com/cdn-cgi/challenge-platform/h/b/turnstile/f/ov2/av0/rch/yiv77/0x4AAAAAAAaFLwutFA_ZjmEX/light/fbE/new/normal?lang=auto:0
[    6504ms] [TABLE] %c%d font-size:0;color:transparent Error @ https://challenges.cloudflare.com/cdn-cgi/challenge-platform/h/b/turnstile/f/ov2/av0/rch/yiv77/0x4AAAAAAAaFLwutFA_ZjmEX/light/fbE/new/normal?lang=auto:0
[    6504ms] [TABLE] %c%d font-size:0;color:transparent Error @ https://challenges.cloudflare.com/cdn-cgi/challenge-platform/h/b/turnstile/f/ov2/av0/rch/yiv77/0x4AAAAAAAaFLwutFA_ZjmEX/light/fbE/new/normal?lang=auto:0
[    6505ms] [WARNING] %c%d font-size:0;color:transparent NaN @ https://challenges.cloudflare.com/cdn-cgi/challenge-platform/h/b/turnstile/f/ov2/av0/rch/yiv77/0x4AAAAAAAaFLwutFA_ZjmEX/light/fbE/new/normal?lang=auto:0
[    6505ms] [WARNING] %c%d font-size:0;color:transparent NaN @ https://challenges.cloudflare.com/cdn-cgi/challenge-platform/h/b/turnstile/f/ov2/av0/rch/yiv77/0x4AAAAAAAaFLwutFA_ZjmEX/light/fbE/new/normal?lang=auto:0
[    6843ms] [WARNING] The resource https://www.cloudflare.com/fonts/Kunst%20Grotesk%20Regular.woff2 was preloaded using link preload but not used within a few seconds from the window's load event. Please make sure it has an appropriate `as` value and it is preloaded intentionally. @ https://www.cloudflare.com/paypercrawl-signup/:0
[    6843ms] [WARNING] The resource https://www.cloudflare.com/fonts/Kunst%20Grotesk%20Medium.woff2 was preloaded using link preload but not used within a few seconds from the window's load event. Please make sure it has an appropriate `as` value and it is preloaded intentionally. @ https://www.cloudflare.com/paypercrawl-signup/:0
[    9744ms] [ERROR] Failed to load resource: net::ERR_CONNECTION_RESET @ https://tag-logger.demandbase.com/bg9s?x-amz-cf-id=byiDdAgAemmKiKDZiB0MftGddF_UuK2fbFJgpR92KrcG1x1I3oCT7w==&api-version=v3:0
[   12491ms] [WARNING] The resource https://challenges.cloudflare.com/cdn-cgi/challenge-platform/h/b/cmg/1 was preloaded using link preload but not used within a few seconds from the window's load event. Please make sure it has an appropriate `as` value and it is preloaded intentionally. @ https://challenges.cloudflare.com/cdn-cgi/challenge-platform/h/b/turnstile/f/ov2/av0/rch/yiv77/0x4AAAAAAAaFLwutFA_ZjmEX/light/fbE/new/normal?lang=auto:0
[   14525ms] [ERROR] Failed to load resource: net::ERR_CONNECTION_RESET @ https://9y49n2-m.ns1pcdn.net/a/t128.jpg?r=72911608:0
[   17532ms] [WARNING] The resource https://www.cloudflare.com/fonts/Kunst%20Grotesk%20Regular.woff2 was preloaded using link preload but not used within a few seconds from the window's load event. Please make sure it has an appropriate `as` value and it is preloaded intentionally. @ https://www.cloudflare.com/paypercrawl-signup/:0
[   17532ms] [WARNING] The resource https://www.cloudflare.com/fonts/Kunst%20Grotesk%20Medium.woff2 was preloaded using link preload but not used within a few seconds from the window's load event. Please make sure it has an appropriate `as` value and it is preloaded intentionally. @ https://www.cloudflare.com/paypercrawl-signup/:0
[   30336ms] [WARNING] The resource https://www.cloudflare.com/fonts/Kunst%20Grotesk%20Regular.woff2 was preloaded using link preload but not used within a few seconds from the window's load event. Please make sure it has an appropriate `as` value and it is preloaded intentionally. @ https://www.cloudflare.com/paypercrawl-signup/:0
[   30336ms] [WARNING] The resource https://www.cloudflare.com/fonts/Kunst%20Grotesk%20Medium.woff2 was preloaded using link preload but not used within a few seconds from the window's load event. Please make sure it has an appropriate `as` value and it is preloaded intentionally. @ https://www.cloudflare.com/paypercrawl-signup/:0
[   39767ms] [WARNING] The resource https://www.cloudflare.com/fonts/Kunst%20Grotesk%20Regular.woff2 was preloaded using link preload but not used within a few seconds from the window's load event. Please make sure it has an appropriate `as` value and it is preloaded intentionally. @ https://www.cloudflare.com/paypercrawl-signup/:0
[   39768ms] [WARNING] The resource https://www.cloudflare.com/fonts/Kunst%20Grotesk%20Medium.woff2 was preloaded using link preload but not used within a few seconds from the window's load event. Please make sure it has an appropriate `as` value and it is preloaded intentionally. @ https://www.cloudflare.com/paypercrawl-signup/:0
[  261470ms] [WARNING] The resource https://www.cloudflare.com/fonts/Kunst%20Grotesk%20Regular.woff2 was preloaded using link preload but not used within a few seconds from the window's load event. Please make sure it has an appropriate `as` value and it is preloaded intentionally. @ https://www.cloudflare.com/paypercrawl-signup/:0
[  261470ms] [WARNING] The resource https://www.cloudflare.com/fonts/Kunst%20Grotesk%20Medium.woff2 was preloaded using link preload but not used within a few seconds from the window's load event. Please make sure it has an appropriate `as` value and it is preloaded intentionally. @ https://www.cloudflare.com/paypercrawl-signup/:0
[  279833ms] [WARNING] The resource https://www.cloudflare.com/fonts/Kunst%20Grotesk%20Regular.woff2 was preloaded using link preload but not used within a few seconds from the window's load event. Please make sure it has an appropriate `as` value and it is preloaded intentionally. @ https://www.cloudflare.com/paypercrawl-signup/:0
[  279834ms] [WARNING] The resource https://www.cloudflare.com/fonts/Kunst%20Grotesk%20Medium.woff2 was preloaded using link preload but not used within a few seconds from the window's load event. Please make sure it has an appropriate `as` value and it is preloaded intentionally. @ https://www.cloudflare.com/paypercrawl-signup/:0
[  298585ms] [WARNING] The resource https://www.cloudflare.com/fonts/Kunst%20Grotesk%20Regular.woff2 was preloaded using link preload but not used within a few seconds from the window's load event. Please make sure it has an appropriate `as` value and it is preloaded intentionally. @ https://www.cloudflare.com/paypercrawl-signup/:0
[  298586ms] [WARNING] The resource https://www.cloudflare.com/fonts/Kunst%20Grotesk%20Medium.woff2 was preloaded using link preload but not used within a few seconds from the window's load event. Please make sure it has an appropriate `as` value and it is preloaded intentionally. @ https://www.cloudflare.com/paypercrawl-signup/:0
[  301860ms] [LOG] The next request for the Private Access Token challenge may return a 401 and show a warning in console. @ https://challenges.cloudflare.com/cdn-cgi/challenge-platform/h/b/turnstile/f/ov2/av0/rch/yiv77/0x4AAAAAAAaFLwutFA_ZjmEX/light/fbE/api/normal?lang=auto:0
[  301898ms] [ERROR] Failed to load resource: the server responded with a status of 401 () @ https://challenges.cloudflare.com/cdn-cgi/challenge-platform/h/b/pat/a00709806a214a4b/1779570519670/13d47b1f63e48ab8823adab6808e811212ccb20bcb880cb3ffed979e8011f572/cjvV5zdz9nmW0NF:0
[  301922ms] [LOG] /.*.*=.*/ @ https://challenges.cloudflare.com/cdn-cgi/challenge-platform/h/b/turnstile/f/ov2/av0/rch/yiv77/0x4AAAAAAAaFLwutFA_ZjmEX/light/fbE/api/normal?lang=auto:0
[  301924ms] [LOG] /.*.*=.*/ @ https://challenges.cloudflare.com/cdn-cgi/challenge-platform/h/b/turnstile/f/ov2/av0/rch/yiv77/0x4AAAAAAAaFLwutFA_ZjmEX/light/fbE/api/normal?lang=auto:0
[  301924ms] [LOG] function () { [native code] } @ https://challenges.cloudflare.com/cdn-cgi/challenge-platform/h/b/turnstile/f/ov2/av0/rch/yiv77/0x4AAAAAAAaFLwutFA_ZjmEX/light/fbE/api/normal?lang=auto:0
[  301926ms] [LOG] function () { [native code] } @ https://challenges.cloudflare.com/cdn-cgi/challenge-platform/h/b/turnstile/f/ov2/av0/rch/yiv77/0x4AAAAAAAaFLwutFA_ZjmEX/light/fbE/api/normal?lang=auto:0
[  301929ms] [LOG] JSHandle@node @ https://challenges.cloudflare.com/cdn-cgi/challenge-platform/h/b/turnstile/f/ov2/av0/rch/yiv77/0x4AAAAAAAaFLwutFA_ZjmEX/light/fbE/api/normal?lang=auto:0
[  301931ms] [LOG] JSHandle@node @ https://challenges.cloudflare.com/cdn-cgi/challenge-platform/h/b/turnstile/f/ov2/av0/rch/yiv77/0x4AAAAAAAaFLwutFA_ZjmEX/light/fbE/api/normal?lang=auto:0
[  301932ms] [COUNT]  : 1 @ https://challenges.cloudflare.com/cdn-cgi/challenge-platform/h/b/turnstile/f/ov2/av0/rch/yiv77/0x4AAAAAAAaFLwutFA_ZjmEX/light/fbE/api/normal?lang=auto:0
[  301932ms] [COUNT]  : 1 @ https://challenges.cloudflare.com/cdn-cgi/challenge-platform/h/b/turnstile/f/ov2/av0/rch/yiv77/0x4AAAAAAAaFLwutFA_ZjmEX/light/fbE/api/normal?lang=auto:0
[  301940ms] [DIR]  Error @ https://challenges.cloudflare.com/cdn-cgi/challenge-platform/h/b/turnstile/f/ov2/av0/rch/yiv77/0x4AAAAAAAaFLwutFA_ZjmEX/light/fbE/api/normal?lang=auto:0
[  301941ms] [DIR]  Error @ https://challenges.cloudflare.com/cdn-cgi/challenge-platform/h/b/turnstile/f/ov2/av0/rch/yiv77/0x4AAAAAAAaFLwutFA_ZjmEX/light/fbE/api/normal?lang=auto:0
[  301943ms] [DIRXML] %c%d font-size:0;color:transparent Error @ https://challenges.cloudflare.com/cdn-cgi/challenge-platform/h/b/turnstile/f/ov2/av0/rch/yiv77/0x4AAAAAAAaFLwutFA_ZjmEX/light/fbE/api/normal?lang=auto:0
[  301944ms] [DIRXML] %c%d font-size:0;color:transparent Error @ https://challenges.cloudflare.com/cdn-cgi/challenge-platform/h/b/turnstile/f/ov2/av0/rch/yiv77/0x4AAAAAAAaFLwutFA_ZjmEX/light/fbE/api/normal?lang=auto:0
[  301944ms] [ERROR] %c%d font-size:0;color:transparent NaN @ https://challenges.cloudflare.com/cdn-cgi/challenge-platform/h/b/turnstile/f/ov2/av0/rch/yiv77/0x4AAAAAAAaFLwutFA_ZjmEX/light/fbE/api/normal?lang=auto:0
[  301945ms] [ERROR] %c%d font-size:0;color:transparent NaN @ https://challenges.cloudflare.com/cdn-cgi/challenge-platform/h/b/turnstile/f/ov2/av0/rch/yiv77/0x4AAAAAAAaFLwutFA_ZjmEX/light/fbE/api/normal?lang=auto:0
[  301945ms] [INFO] %c%d font-size:0;color:transparent NaN @ https://challenges.cloudflare.com/cdn-cgi/challenge-platform/h/b/turnstile/f/ov2/av0/rch/yiv77/0x4AAAAAAAaFLwutFA_ZjmEX/light/fbE/api/normal?lang=auto:0
[  301945ms] [INFO] %c%d font-size:0;color:transparent NaN @ https://challenges.cloudflare.com/cdn-cgi/challenge-platform/h/b/turnstile/f/ov2/av0/rch/yiv77/0x4AAAAAAAaFLwutFA_ZjmEX/light/fbE/api/normal?lang=auto:0
[  301946ms] [LOG] %c%d font-size:0;color:transparent NaN @ https://challenges.cloudflare.com/cdn-cgi/challenge-platform/h/b/turnstile/f/ov2/av0/rch/yiv77/0x4AAAAAAAaFLwutFA_ZjmEX/light/fbE/api/normal?lang=auto:0
[  301946ms] [LOG] %c%d font-size:0;color:transparent NaN @ https://challenges.cloudflare.com/cdn-cgi/challenge-platform/h/b/turnstile/f/ov2/av0/rch/yiv77/0x4AAAAAAAaFLwutFA_ZjmEX/light/fbE/api/normal?lang=auto:0
[  301946ms] [TABLE] %c%d font-size:0;color:transparent Error @ https://challenges.cloudflare.com/cdn-cgi/challenge-platform/h/b/turnstile/f/ov2/av0/rch/yiv77/0x4AAAAAAAaFLwutFA_ZjmEX/light/fbE/api/normal?lang=auto:0
[  301947ms] [TABLE] %c%d font-size:0;color:transparent Error @ https://challenges.cloudflare.com/cdn-cgi/challenge-platform/h/b/turnstile/f/ov2/av0/rch/yiv77/0x4AAAAAAAaFLwutFA_ZjmEX/light/fbE/api/normal?lang=auto:0
[  301948ms] [WARNING] %c%d font-size:0;color:transparent NaN @ https://challenges.cloudflare.com/cdn-cgi/challenge-platform/h/b/turnstile/f/ov2/av0/rch/yiv77/0x4AAAAAAAaFLwutFA_ZjmEX/light/fbE/api/normal?lang=auto:0
[  301948ms] [WARNING] %c%d font-size:0;color:transparent NaN @ https://challenges.cloudflare.com/cdn-cgi/challenge-platform/h/b/turnstile/f/ov2/av0/rch/yiv77/0x4AAAAAAAaFLwutFA_ZjmEX/light/fbE/api/normal?lang=auto:0
[  306487ms] [WARNING] The resource https://www.cloudflare.com/fonts/Kunst%20Grotesk%20Regular.woff2 was preloaded using link preload but not used within a few seconds from the window's load event. Please make sure it has an appropriate `as` value and it is preloaded intentionally. @ https://www.cloudflare.com/paypercrawl-signup/:0
[  306488ms] [WARNING] The resource https://www.cloudflare.com/fonts/Kunst%20Grotesk%20Medium.woff2 was preloaded using link preload but not used within a few seconds from the window's load event. Please make sure it has an appropriate `as` value and it is preloaded intentionally. @ https://www.cloudflare.com/paypercrawl-signup/:0
[  306487ms] [WARNING] The resource https://challenges.cloudflare.com/cdn-cgi/challenge-platform/h/b/cmg/1 was preloaded using link preload but not used within a few seconds from the window's load event. Please make sure it has an appropriate `as` value and it is preloaded intentionally. @ https://challenges.cloudflare.com/cdn-cgi/challenge-platform/h/b/turnstile/f/ov2/av0/rch/yiv77/0x4AAAAAAAaFLwutFA_ZjmEX/light/fbE/api/normal?lang=auto:0
[  313649ms] [WARNING] The resource https://www.cloudflare.com/fonts/Kunst%20Grotesk%20Regular.woff2 was preloaded using link preload but not used within a few seconds from the window's load event. Please make sure it has an appropriate `as` value and it is preloaded intentionally. @ https://www.cloudflare.com/paypercrawl-signup/:0
[  313649ms] [WARNING] The resource https://www.cloudflare.com/fonts/Kunst%20Grotesk%20Medium.woff2 was preloaded using link preload but not used within a few seconds from the window's load event. Please make sure it has an appropriate `as` value and it is preloaded intentionally. @ https://www.cloudflare.com/paypercrawl-signup/:0
[  336565ms] [WARNING] The resource https://www.cloudflare.com/fonts/Kunst%20Grotesk%20Regular.woff2 was preloaded using link preload but not used within a few seconds from the window's load event. Please make sure it has an appropriate `as` value and it is preloaded intentionally. @ https://www.cloudflare.com/paypercrawl-signup/:0
[  336565ms] [WARNING] The resource https://www.cloudflare.com/fonts/Kunst%20Grotesk%20Medium.woff2 was preloaded using link preload but not used within a few seconds from the window's load event. Please make sure it has an appropriate `as` value and it is preloaded intentionally. @ https://www.cloudflare.com/paypercrawl-signup/:0
[  367396ms] [WARNING] The resource https://www.cloudflare.com/fonts/Kunst%20Grotesk%20Regular.woff2 was preloaded using link preload but not used within a few seconds from the window's load event. Please make sure it has an appropriate `as` value and it is preloaded intentionally. @ https://www.cloudflare.com/paypercrawl-signup/:0
[  367396ms] [WARNING] The resource https://www.cloudflare.com/fonts/Kunst%20Grotesk%20Medium.woff2 was preloaded using link preload but not used within a few seconds from the window's load event. Please make sure it has an appropriate `as` value and it is preloaded intentionally. @ https://www.cloudflare.com/paypercrawl-signup/:0
[  376911ms] [WARNING] The resource https://www.cloudflare.com/fonts/Kunst%20Grotesk%20Regular.woff2 was preloaded using link preload but not used within a few seconds from the window's load event. Please make sure it has an appropriate `as` value and it is preloaded intentionally. @ https://www.cloudflare.com/paypercrawl-signup/#pay-per-crawl-form:0
[  376911ms] [WARNING] The resource https://www.cloudflare.com/fonts/Kunst%20Grotesk%20Medium.woff2 was preloaded using link preload but not used within a few seconds from the window's load event. Please make sure it has an appropriate `as` value and it is preloaded intentionally. @ https://www.cloudflare.com/paypercrawl-signup/#pay-per-crawl-form:0
